18 naive 0.0078 seconds
18 fused 0.0037 seconds
18 fused 0.0032 seconds
18 naive 0.0074 seconds
18 naive 0.0057 seconds
18 fused 0.0017 seconds
20 naive 0.033 seconds
20 fused 0.0165 seconds
20 fused 0.0144 seconds
20 naive 0.0346 seconds
20 naive 0.0222 seconds
20 fused 0.0128 seconds
22 naive 0.1207 seconds
22 fused 0.0345 seconds
22 fused 0.0544 seconds
22 naive 0.0839 seconds
22 naive 0.0617 seconds
22 fused 0.0587 seconds
24 naive 0.623 seconds
24 fused 0.1626 seconds
24 fused 0.1274 seconds
24 naive 0.3506 seconds
24 naive 0.3034 seconds
24 fused 0.1319 seconds
