Generating q=24, 0.25 GiB; 75 scheduled runs
1 / 444 | q=24 main cx_product_target plus NAIVE_PRODUCT direct 1.026s
2 / 444 | q=24 main cx_product_target plus PRODUCT_FUSED direct 0.461s
3 / 444 | q=24 main cx_product_target plus NAIVE_PRODUCT direct 1.063s
4 / 444 | q=24 main cx_product_target plus PRODUCT_FUSED direct 0.556s
5 / 444 | q=24 main cx_product_target plus PRODUCT_FUSED direct 0.472s
6 / 444 | q=24 main cx_product_target plus NAIVE_PRODUCT direct 1.028s
7 / 444 | q=24 main cx_product_target plus PRODUCT_FUSED direct 0.582s
8 / 444 | q=24 main cx_product_target plus NAIVE_PRODUCT direct 1.147s
9 / 444 | q=24 main cx_product_target plus NAIVE_PRODUCT direct 1.144s
10 / 444 | q=24 main cx_product_target plus PRODUCT_FUSED direct 0.628s
11 / 444 | q=24 main cx_product_control random_seeded NAIVE_PRODUCT direct 1.186s
12 / 444 | q=24 main cx_product_control random_seeded PRODUCT_FUSED direct 0.584s
13 / 444 | q=24 main cx_product_control random_seeded NAIVE_PRODUCT direct 1.127s
14 / 444 | q=24 main cx_product_control random_seeded PRODUCT_FUSED direct 0.629s
15 / 444 | q=24 main cx_product_control random_seeded PRODUCT_FUSED direct 0.628s
16 / 444 | q=24 main cx_product_control random_seeded NAIVE_PRODUCT direct 1.321s
17 / 444 | q=24 main cx_product_control random_seeded NAIVE_PRODUCT direct 1.156s
18 / 444 | q=24 main cx_product_control random_seeded PRODUCT_FUSED direct 0.530s
19 / 444 | q=24 main cx_product_control random_seeded PRODUCT_FUSED direct 0.522s
20 / 444 | q=24 main cx_product_control random_seeded NAIVE_PRODUCT direct 1.140s
21 / 444 | q=24 main cx_product_target random_seeded PRODUCT_FUSED direct 0.550s
22 / 444 | q=24 main cx_product_target random_seeded NAIVE_PRODUCT direct 1.141s
23 / 444 | q=24 main cx_product_target random_seeded PRODUCT_FUSED direct 0.512s
24 / 444 | q=24 main cx_product_target random_seeded NAIVE_PRODUCT direct 1.239s
25 / 444 | q=24 main cx_product_target random_seeded NAIVE_PRODUCT direct 1.219s
26 / 444 | q=24 main cx_product_target random_seeded PRODUCT_FUSED direct 0.532s
27 / 444 | q=24 main cx_product_target random_seeded NAIVE_PRODUCT direct 1.316s
28 / 444 | q=24 main cx_product_target random_seeded PRODUCT_FUSED direct 0.737s
29 / 444 | q=24 main cx_product_target random_seeded NAIVE_PRODUCT direct 1.219s
30 / 444 | q=24 main cx_product_target random_seeded PRODUCT_FUSED direct 0.597s
31 / 444 | q=24 main cz plus NAIVE_PRODUCT direct 1.210s
32 / 444 | q=24 main cz plus PRODUCT_FUSED direct 0.678s
33 / 444 | q=24 main cz plus PRODUCT_FUSED direct 0.513s
34 / 444 | q=24 main cz plus NAIVE_PRODUCT direct 1.249s
35 / 444 | q=24 main cz plus NAIVE_PRODUCT direct 1.158s
36 / 444 | q=24 main cz plus PRODUCT_FUSED direct 0.590s
37 / 444 | q=24 main cz plus NAIVE_PRODUCT direct 1.161s
38 / 444 | q=24 main cz plus PRODUCT_FUSED direct 0.613s
39 / 444 | q=24 main cz plus NAIVE_PRODUCT direct 1.141s
40 / 444 | q=24 main cz plus PRODUCT_FUSED direct 0.589s
41 / 444 | q=24 main cz random_seeded PRODUCT_FUSED direct 0.523s
42 / 444 | q=24 main cz random_seeded NAIVE_PRODUCT direct 1.256s
43 / 444 | q=24 main cz random_seeded PRODUCT_FUSED direct 0.578s
44 / 444 | q=24 main cz random_seeded NAIVE_PRODUCT direct 7.717s
45 / 444 | q=24 main cz random_seeded PRODUCT_FUSED direct 1.289s
46 / 444 | q=24 main cz random_seeded NAIVE_PRODUCT direct 1.138s
47 / 444 | q=24 main cz random_seeded NAIVE_PRODUCT direct 1.165s
48 / 444 | q=24 main cz random_seeded PRODUCT_FUSED direct 1.216s
49 / 444 | q=24 main cz random_seeded NAIVE_PRODUCT direct 3.563s
50 / 444 | q=24 main cz random_seeded PRODUCT_FUSED direct 0.632s
51 / 444 | q=24 main cx_product_control plus NAIVE_PRODUCT direct 1.211s
52 / 444 | q=24 main cx_product_control plus PRODUCT_FUSED direct 0.580s
53 / 444 | q=24 main cx_product_control plus PRODUCT_FUSED direct 1.562s
54 / 444 | q=24 main cx_product_control plus NAIVE_PRODUCT direct 2.488s
55 / 444 | q=24 main cx_product_control plus NAIVE_PRODUCT direct 2.309s
56 / 444 | q=24 main cx_product_control plus PRODUCT_FUSED direct 0.584s
57 / 444 | q=24 main cx_product_control plus PRODUCT_FUSED direct 0.568s
58 / 444 | q=24 main cx_product_control plus NAIVE_PRODUCT direct 2.959s
59 / 444 | q=24 main cx_product_control plus NAIVE_PRODUCT direct 1.140s
60 / 444 | q=24 main cx_product_control plus PRODUCT_FUSED direct 0.563s
61 / 444 | q=24 basis cx_product_target basis0 NAIVE_BASIS direct 4.111s
62 / 444 | q=24 basis cx_product_target basis0 THIN_BASIS direct 1.102s
63 / 444 | q=24 basis cx_product_target basis0 FUSED_BASIS direct 0.554s
64 / 444 | q=24 basis cx_product_target basis0 NAIVE_BASIS direct 1.143s
65 / 444 | q=24 basis cx_product_target basis0 THIN_BASIS direct 1.256s
66 / 444 | q=24 basis cx_product_target basis0 FUSED_BASIS direct 1.286s
67 / 444 | q=24 basis cx_product_target basis0 FUSED_BASIS direct 0.605s
68 / 444 | q=24 basis cx_product_target basis0 NAIVE_BASIS direct 3.064s
69 / 444 | q=24 basis cx_product_target basis0 THIN_BASIS direct 0.953s
70 / 444 | q=24 basis cx_product_target basis0 NAIVE_BASIS direct 1.690s
71 / 444 | q=24 basis cx_product_target basis0 THIN_BASIS direct 3.999s
72 / 444 | q=24 basis cx_product_target basis0 FUSED_BASIS direct 0.611s
73 / 444 | q=24 basis cx_product_target basis0 THIN_BASIS direct 0.930s
74 / 444 | q=24 basis cx_product_target basis0 NAIVE_BASIS direct 1.134s
75 / 444 | q=24 basis cx_product_target basis0 FUSED_BASIS direct 0.567s
Cleaned q=24 input and outputs
Generating q=26, 1.00 GiB; 81 scheduled runs
76 / 444 | q=26 main cz random_seeded NAIVE_PRODUCT direct 8.972s
77 / 444 | q=26 main cz random_seeded PRODUCT_FUSED direct 1.953s
78 / 444 | q=26 main cz random_seeded NAIVE_PRODUCT direct 8.851s
79 / 444 | q=26 main cz random_seeded PRODUCT_FUSED direct 2.055s
80 / 444 | q=26 main cz random_seeded PRODUCT_FUSED direct 3.635s
81 / 444 | q=26 main cz random_seeded NAIVE_PRODUCT direct 8.693s
82 / 444 | q=26 main cz random_seeded NAIVE_PRODUCT direct 9.339s
83 / 444 | q=26 main cz random_seeded PRODUCT_FUSED direct 1.992s
84 / 444 | q=26 main cz random_seeded PRODUCT_FUSED direct 2.135s
85 / 444 | q=26 main cz random_seeded NAIVE_PRODUCT direct 11.403s
86 / 444 | q=26 main cx_product_target random_seeded PRODUCT_FUSED direct 2.224s
87 / 444 | q=26 main cx_product_target random_seeded NAIVE_PRODUCT direct 9.278s
88 / 444 | q=26 main cx_product_target random_seeded PRODUCT_FUSED direct 2.297s
89 / 444 | q=26 main cx_product_target random_seeded NAIVE_PRODUCT direct 5.549s
90 / 444 | q=26 main cx_product_target random_seeded PRODUCT_FUSED direct 6.946s
91 / 444 | q=26 main cx_product_target random_seeded NAIVE_PRODUCT direct 6.708s
92 / 444 | q=26 main cx_product_target random_seeded NAIVE_PRODUCT direct 9.726s
93 / 444 | q=26 main cx_product_target random_seeded PRODUCT_FUSED direct 2.111s
94 / 444 | q=26 main cx_product_target random_seeded NAIVE_PRODUCT direct 11.866s
95 / 444 | q=26 main cx_product_target random_seeded PRODUCT_FUSED direct 2.236s
96 / 444 | q=26 main cx_product_control random_seeded NAIVE_PRODUCT direct 4.673s
97 / 444 | q=26 main cx_product_control random_seeded PRODUCT_FUSED direct 7.348s
98 / 444 | q=26 main cx_product_control random_seeded NAIVE_PRODUCT direct 6.687s
99 / 444 | q=26 main cx_product_control random_seeded PRODUCT_FUSED direct 2.688s
100 / 444 | q=26 main cx_product_control random_seeded PRODUCT_FUSED direct 5.370s
101 / 444 | q=26 main cx_product_control random_seeded NAIVE_PRODUCT direct 8.284s
102 / 444 | q=26 main cx_product_control random_seeded PRODUCT_FUSED direct 2.356s
103 / 444 | q=26 main cx_product_control random_seeded NAIVE_PRODUCT direct 8.232s
104 / 444 | q=26 main cx_product_control random_seeded NAIVE_PRODUCT direct 11.423s
105 / 444 | q=26 main cx_product_control random_seeded PRODUCT_FUSED direct 2.299s
106 / 444 | q=26 main cx_product_target plus NAIVE_PRODUCT direct 7.714s
107 / 444 | q=26 main cx_product_target plus PRODUCT_FUSED direct 9.292s
108 / 444 | q=26 main cx_product_target plus PRODUCT_FUSED direct 2.372s
109 / 444 | q=26 main cx_product_target plus NAIVE_PRODUCT direct 4.757s
110 / 444 | q=26 main cx_product_target plus PRODUCT_FUSED direct 4.340s
111 / 444 | q=26 main cx_product_target plus NAIVE_PRODUCT direct 8.462s
112 / 444 | q=26 main cx_product_target plus PRODUCT_FUSED direct 3.647s
113 / 444 | q=26 main cx_product_target plus NAIVE_PRODUCT direct 10.427s
114 / 444 | q=26 main cx_product_target plus NAIVE_PRODUCT direct 8.473s
115 / 444 | q=26 main cx_product_target plus PRODUCT_FUSED direct 9.765s
116 / 444 | q=26 main cz plus PRODUCT_FUSED direct 2.204s
117 / 444 | q=26 main cz plus NAIVE_PRODUCT direct 4.537s
118 / 444 | q=26 main cz plus NAIVE_PRODUCT direct 4.590s
119 / 444 | q=26 main cz plus PRODUCT_FUSED direct 10.931s
120 / 444 | q=26 main cz plus PRODUCT_FUSED direct 2.228s
121 / 444 | q=26 main cz plus NAIVE_PRODUCT direct 4.717s
122 / 444 | q=26 main cz plus PRODUCT_FUSED direct 6.669s
123 / 444 | q=26 main cz plus NAIVE_PRODUCT direct 9.859s
124 / 444 | q=26 main cz plus NAIVE_PRODUCT direct 7.642s
125 / 444 | q=26 main cz plus PRODUCT_FUSED direct 2.756s
126 / 444 | q=26 main cx_product_control plus NAIVE_PRODUCT direct 8.151s
127 / 444 | q=26 main cx_product_control plus PRODUCT_FUSED direct 4.695s
128 / 444 | q=26 main cx_product_control plus NAIVE_PRODUCT direct 8.687s
129 / 444 | q=26 main cx_product_control plus PRODUCT_FUSED direct 2.564s
130 / 444 | q=26 main cx_product_control plus NAIVE_PRODUCT direct 8.920s
131 / 444 | q=26 main cx_product_control plus PRODUCT_FUSED direct 5.283s
132 / 444 | q=26 main cx_product_control plus NAIVE_PRODUCT direct 5.307s
133 / 444 | q=26 main cx_product_control plus PRODUCT_FUSED direct 3.265s
134 / 444 | q=26 main cx_product_control plus PRODUCT_FUSED direct 4.030s
135 / 444 | q=26 main cx_product_control plus NAIVE_PRODUCT direct 9.119s
136 / 444 | q=26 basis cx_product_target basis0 THIN_BASIS direct 6.898s
137 / 444 | q=26 basis cx_product_target basis0 FUSED_BASIS direct 3.709s
138 / 444 | q=26 basis cx_product_target basis0 NAIVE_BASIS direct 8.062s
139 / 444 | q=26 basis cx_product_target basis0 FUSED_BASIS direct 2.161s
140 / 444 | q=26 basis cx_product_target basis0 THIN_BASIS direct 7.290s
141 / 444 | q=26 basis cx_product_target basis0 NAIVE_BASIS direct 10.321s
142 / 444 | q=26 basis cx_product_target basis0 THIN_BASIS direct 3.491s
143 / 444 | q=26 basis cx_product_target basis0 NAIVE_BASIS direct 8.775s
144 / 444 | q=26 basis cx_product_target basis0 FUSED_BASIS direct 2.562s
145 / 444 | q=26 basis cx_product_target basis0 FUSED_BASIS direct 3.068s
146 / 444 | q=26 basis cx_product_target basis0 THIN_BASIS direct 9.441s
147 / 444 | q=26 basis cx_product_target basis0 NAIVE_BASIS direct 5.560s
148 / 444 | q=26 basis cx_product_target basis0 NAIVE_BASIS direct 11.115s
149 / 444 | q=26 basis cx_product_target basis0 THIN_BASIS direct 3.654s
150 / 444 | q=26 basis cx_product_target basis0 FUSED_BASIS direct 2.357s
151 / 444 | q=26 buffered cx_product_control plus PRODUCT_FUSED buffered 5.084s
152 / 444 | q=26 buffered cx_product_control plus NAIVE_PRODUCT buffered 8.787s
153 / 444 | q=26 buffered cx_product_control plus PRODUCT_FUSED buffered 4.174s
154 / 444 | q=26 buffered cx_product_control plus NAIVE_PRODUCT buffered 5.083s
155 / 444 | q=26 buffered cx_product_control plus NAIVE_PRODUCT buffered 8.559s
156 / 444 | q=26 buffered cx_product_control plus PRODUCT_FUSED buffered 2.087s
Cleaned q=26 input and outputs
Generating q=27, 2.00 GiB; 75 scheduled runs
157 / 444 | q=27 main cz random_seeded PRODUCT_FUSED direct 10.103s
158 / 444 | q=27 main cz random_seeded NAIVE_PRODUCT direct 13.586s
159 / 444 | q=27 main cz random_seeded NAIVE_PRODUCT direct 24.144s
160 / 444 | q=27 main cz random_seeded PRODUCT_FUSED direct 9.848s
161 / 444 | q=27 main cz random_seeded PRODUCT_FUSED direct 8.201s
162 / 444 | q=27 main cz random_seeded NAIVE_PRODUCT direct 18.765s
163 / 444 | q=27 main cz random_seeded NAIVE_PRODUCT direct 15.941s
164 / 444 | q=27 main cz random_seeded PRODUCT_FUSED direct 12.067s
165 / 444 | q=27 main cz random_seeded NAIVE_PRODUCT direct 17.915s
166 / 444 | q=27 main cz random_seeded PRODUCT_FUSED direct 10.787s
167 / 444 | q=27 main cz plus PRODUCT_FUSED direct 5.889s
168 / 444 | q=27 main cz plus NAIVE_PRODUCT direct 18.198s
169 / 444 | q=27 main cz plus NAIVE_PRODUCT direct 21.091s
170 / 444 | q=27 main cz plus PRODUCT_FUSED direct 10.315s
171 / 444 | q=27 main cz plus PRODUCT_FUSED direct 6.473s
172 / 444 | q=27 main cz plus NAIVE_PRODUCT direct 15.624s
173 / 444 | q=27 main cz plus PRODUCT_FUSED direct 12.617s
174 / 444 | q=27 main cz plus NAIVE_PRODUCT direct 15.755s
175 / 444 | q=27 main cz plus NAIVE_PRODUCT direct 18.463s
176 / 444 | q=27 main cz plus PRODUCT_FUSED direct 11.846s
177 / 444 | q=27 main cx_product_control plus NAIVE_PRODUCT direct 16.369s
178 / 444 | q=27 main cx_product_control plus PRODUCT_FUSED direct 9.849s
179 / 444 | q=27 main cx_product_control plus PRODUCT_FUSED direct 10.632s
180 / 444 | q=27 main cx_product_control plus NAIVE_PRODUCT direct 20.108s
181 / 444 | q=27 main cx_product_control plus PRODUCT_FUSED direct 13.942s
182 / 444 | q=27 main cx_product_control plus NAIVE_PRODUCT direct 20.900s
183 / 444 | q=27 main cx_product_control plus NAIVE_PRODUCT direct 21.468s
184 / 444 | q=27 main cx_product_control plus PRODUCT_FUSED direct 10.626s
185 / 444 | q=27 main cx_product_control plus PRODUCT_FUSED direct 7.527s
186 / 444 | q=27 main cx_product_control plus NAIVE_PRODUCT direct 20.616s
187 / 444 | q=27 main cx_product_target plus PRODUCT_FUSED direct 9.703s
188 / 444 | q=27 main cx_product_target plus NAIVE_PRODUCT direct 18.580s
189 / 444 | q=27 main cx_product_target plus PRODUCT_FUSED direct 7.342s
190 / 444 | q=27 main cx_product_target plus NAIVE_PRODUCT direct 20.119s
191 / 444 | q=27 main cx_product_target plus NAIVE_PRODUCT direct 18.950s
192 / 444 | q=27 main cx_product_target plus PRODUCT_FUSED direct 11.676s
193 / 444 | q=27 main cx_product_target plus NAIVE_PRODUCT direct 22.266s
194 / 444 | q=27 main cx_product_target plus PRODUCT_FUSED direct 4.701s
195 / 444 | q=27 main cx_product_target plus NAIVE_PRODUCT direct 21.144s
196 / 444 | q=27 main cx_product_target plus PRODUCT_FUSED direct 7.469s
197 / 444 | q=27 main cx_product_target random_seeded PRODUCT_FUSED direct 10.939s
198 / 444 | q=27 main cx_product_target random_seeded NAIVE_PRODUCT direct 18.405s
199 / 444 | q=27 main cx_product_target random_seeded PRODUCT_FUSED direct 7.525s
200 / 444 | q=27 main cx_product_target random_seeded NAIVE_PRODUCT direct 18.888s
201 / 444 | q=27 main cx_product_target random_seeded NAIVE_PRODUCT direct 21.152s
202 / 444 | q=27 main cx_product_target random_seeded PRODUCT_FUSED direct 7.232s
203 / 444 | q=27 main cx_product_target random_seeded NAIVE_PRODUCT direct 18.082s
204 / 444 | q=27 main cx_product_target random_seeded PRODUCT_FUSED direct 8.161s
205 / 444 | q=27 main cx_product_target random_seeded PRODUCT_FUSED direct 9.003s
206 / 444 | q=27 main cx_product_target random_seeded NAIVE_PRODUCT direct 18.209s
207 / 444 | q=27 main cx_product_control random_seeded PRODUCT_FUSED direct 9.117s
208 / 444 | q=27 main cx_product_control random_seeded NAIVE_PRODUCT direct 17.535s
209 / 444 | q=27 main cx_product_control random_seeded PRODUCT_FUSED direct 11.404s
210 / 444 | q=27 main cx_product_control random_seeded NAIVE_PRODUCT direct 15.282s
211 / 444 | q=27 main cx_product_control random_seeded NAIVE_PRODUCT direct 21.780s
212 / 444 | q=27 main cx_product_control random_seeded PRODUCT_FUSED direct 10.564s
213 / 444 | q=27 main cx_product_control random_seeded NAIVE_PRODUCT direct 17.467s
214 / 444 | q=27 main cx_product_control random_seeded PRODUCT_FUSED direct 9.392s
215 / 444 | q=27 main cx_product_control random_seeded PRODUCT_FUSED direct 8.859s
216 / 444 | q=27 main cx_product_control random_seeded NAIVE_PRODUCT direct 20.316s
217 / 444 | q=27 basis cx_product_target basis0 NAIVE_BASIS direct 20.190s
218 / 444 | q=27 basis cx_product_target basis0 FUSED_BASIS direct 8.590s
219 / 444 | q=27 basis cx_product_target basis0 THIN_BASIS direct 17.550s
220 / 444 | q=27 basis cx_product_target basis0 NAIVE_BASIS direct 19.564s
221 / 444 | q=27 basis cx_product_target basis0 FUSED_BASIS direct 5.582s
222 / 444 | q=27 basis cx_product_target basis0 THIN_BASIS direct 15.731s
223 / 444 | q=27 basis cx_product_target basis0 THIN_BASIS direct 17.971s
224 / 444 | q=27 basis cx_product_target basis0 NAIVE_BASIS direct 20.772s
225 / 444 | q=27 basis cx_product_target basis0 FUSED_BASIS direct 12.395s
226 / 444 | q=27 basis cx_product_target basis0 NAIVE_BASIS direct 22.675s
227 / 444 | q=27 basis cx_product_target basis0 THIN_BASIS direct 18.317s
228 / 444 | q=27 basis cx_product_target basis0 FUSED_BASIS direct 9.354s
229 / 444 | q=27 basis cx_product_target basis0 THIN_BASIS direct 17.793s
230 / 444 | q=27 basis cx_product_target basis0 FUSED_BASIS direct 9.147s
231 / 444 | q=27 basis cx_product_target basis0 NAIVE_BASIS direct 16.204s
Cleaned q=27 input and outputs
Generating q=28, 4.00 GiB; 105 scheduled runs
232 / 444 | q=28 main cx_product_target plus PRODUCT_FUSED direct 20.984s
233 / 444 | q=28 main cx_product_target plus NAIVE_PRODUCT direct 38.879s
234 / 444 | q=28 main cx_product_target plus PRODUCT_FUSED direct 22.100s
235 / 444 | q=28 main cx_product_target plus NAIVE_PRODUCT direct 58.016s
236 / 444 | q=28 main cx_product_target plus NAIVE_PRODUCT direct 37.868s
237 / 444 | q=28 main cx_product_target plus PRODUCT_FUSED direct 24.420s
238 / 444 | q=28 main cx_product_target plus PRODUCT_FUSED direct 27.155s
239 / 444 | q=28 main cx_product_target plus NAIVE_PRODUCT direct 47.810s
240 / 444 | q=28 main cx_product_target plus PRODUCT_FUSED direct 23.800s
241 / 444 | q=28 main cx_product_target plus NAIVE_PRODUCT direct 45.990s
242 / 444 | q=28 main cx_product_control random_seeded PRODUCT_FUSED direct 27.658s
243 / 444 | q=28 main cx_product_control random_seeded NAIVE_PRODUCT direct 41.453s
244 / 444 | q=28 main cx_product_control random_seeded NAIVE_PRODUCT direct 51.105s
245 / 444 | q=28 main cx_product_control random_seeded PRODUCT_FUSED direct 29.727s
246 / 444 | q=28 main cx_product_control random_seeded PRODUCT_FUSED direct 25.746s
247 / 444 | q=28 main cx_product_control random_seeded NAIVE_PRODUCT direct 57.962s
248 / 444 | q=28 main cx_product_control random_seeded PRODUCT_FUSED direct 33.696s
249 / 444 | q=28 main cx_product_control random_seeded NAIVE_PRODUCT direct 60.439s
250 / 444 | q=28 main cx_product_control random_seeded PRODUCT_FUSED direct 30.980s
251 / 444 | q=28 main cx_product_control random_seeded NAIVE_PRODUCT direct 54.527s
252 / 444 | q=28 main cz plus NAIVE_PRODUCT direct 52.944s
253 / 444 | q=28 main cz plus PRODUCT_FUSED direct 39.813s
254 / 444 | q=28 main cz plus PRODUCT_FUSED direct 38.253s
255 / 444 | q=28 main cz plus NAIVE_PRODUCT direct 71.626s
256 / 444 | q=28 main cz plus PRODUCT_FUSED direct 40.111s
257 / 444 | q=28 main cz plus NAIVE_PRODUCT direct 84.393s
258 / 444 | q=28 main cz plus PRODUCT_FUSED direct 49.363s
259 / 444 | q=28 main cz plus NAIVE_PRODUCT direct 62.777s
260 / 444 | q=28 main cz plus NAIVE_PRODUCT direct 68.914s
261 / 444 | q=28 main cz plus PRODUCT_FUSED direct 88.943s
262 / 444 | q=28 main cz random_seeded NAIVE_PRODUCT direct 155.466s
263 / 444 | q=28 main cz random_seeded PRODUCT_FUSED direct 86.870s
264 / 444 | q=28 main cz random_seeded PRODUCT_FUSED direct 89.252s
265 / 444 | q=28 main cz random_seeded NAIVE_PRODUCT direct 162.313s
266 / 444 | q=28 main cz random_seeded NAIVE_PRODUCT direct 162.559s
267 / 444 | q=28 main cz random_seeded PRODUCT_FUSED direct 83.908s
268 / 444 | q=28 main cz random_seeded PRODUCT_FUSED direct 88.153s
269 / 444 | q=28 main cz random_seeded NAIVE_PRODUCT direct 158.927s
270 / 444 | q=28 main cz random_seeded PRODUCT_FUSED direct 86.304s
271 / 444 | q=28 main cz random_seeded NAIVE_PRODUCT direct 157.491s
272 / 444 | q=28 main cx_product_control plus PRODUCT_FUSED direct 83.848s
273 / 444 | q=28 main cx_product_control plus NAIVE_PRODUCT direct 171.562s
274 / 444 | q=28 main cx_product_control plus PRODUCT_FUSED direct 83.049s
275 / 444 | q=28 main cx_product_control plus NAIVE_PRODUCT direct 158.815s
276 / 444 | q=28 main cx_product_control plus NAIVE_PRODUCT direct 162.965s
277 / 444 | q=28 main cx_product_control plus PRODUCT_FUSED direct 83.655s
278 / 444 | q=28 main cx_product_control plus PRODUCT_FUSED direct 91.639s
279 / 444 | q=28 main cx_product_control plus NAIVE_PRODUCT direct 159.191s
280 / 444 | q=28 main cx_product_control plus NAIVE_PRODUCT direct 117.315s
281 / 444 | q=28 main cx_product_control plus PRODUCT_FUSED direct 27.653s
282 / 444 | q=28 main cx_product_target random_seeded NAIVE_PRODUCT direct 140.998s
283 / 444 | q=28 main cx_product_target random_seeded PRODUCT_FUSED direct 104.090s
284 / 444 | q=28 main cx_product_target random_seeded NAIVE_PRODUCT direct 187.820s
285 / 444 | q=28 main cx_product_target random_seeded PRODUCT_FUSED direct 81.722s
286 / 444 | q=28 main cx_product_target random_seeded PRODUCT_FUSED direct 90.989s
287 / 444 | q=28 main cx_product_target random_seeded NAIVE_PRODUCT direct 168.770s
288 / 444 | q=28 main cx_product_target random_seeded NAIVE_PRODUCT direct 157.918s
289 / 444 | q=28 main cx_product_target random_seeded PRODUCT_FUSED direct 85.877s
290 / 444 | q=28 main cx_product_target random_seeded NAIVE_PRODUCT direct 167.455s
291 / 444 | q=28 main cx_product_target random_seeded PRODUCT_FUSED direct 83.520s
292 / 444 | q=28 basis cx_product_target basis0 NAIVE_BASIS direct 157.301s
293 / 444 | q=28 basis cx_product_target basis0 THIN_BASIS direct 130.683s
294 / 444 | q=28 basis cx_product_target basis0 FUSED_BASIS direct 85.769s
295 / 444 | q=28 basis cx_product_target basis0 NAIVE_BASIS direct 165.979s
296 / 444 | q=28 basis cx_product_target basis0 THIN_BASIS direct 130.334s
297 / 444 | q=28 basis cx_product_target basis0 FUSED_BASIS direct 91.918s
298 / 444 | q=28 basis cx_product_target basis0 THIN_BASIS direct 133.862s
299 / 444 | q=28 basis cx_product_target basis0 FUSED_BASIS direct 86.576s
300 / 444 | q=28 basis cx_product_target basis0 NAIVE_BASIS direct 163.993s
301 / 444 | q=28 basis cx_product_target basis0 NAIVE_BASIS direct 159.502s
302 / 444 | q=28 basis cx_product_target basis0 FUSED_BASIS direct 87.803s
303 / 444 | q=28 basis cx_product_target basis0 THIN_BASIS direct 132.433s
304 / 444 | q=28 basis cx_product_target basis0 THIN_BASIS direct 133.078s
305 / 444 | q=28 basis cx_product_target basis0 FUSED_BASIS direct 86.797s
306 / 444 | q=28 basis cx_product_target basis0 NAIVE_BASIS direct 165.238s
307 / 444 | q=28 chunk cx_product_control plus NAIVE_PRODUCT direct 143.422s
308 / 444 | q=28 chunk cx_product_control plus PRODUCT_FUSED direct 82.121s
309 / 444 | q=28 chunk cx_product_control plus NAIVE_PRODUCT direct 138.886s
310 / 444 | q=28 chunk cx_product_control plus PRODUCT_FUSED direct 71.002s
311 / 444 | q=28 chunk cx_product_control plus PRODUCT_FUSED direct 82.313s
312 / 444 | q=28 chunk cx_product_control plus NAIVE_PRODUCT direct 143.857s
313 / 444 | q=28 chunk cx_product_control plus PRODUCT_FUSED direct 70.409s
314 / 444 | q=28 chunk cx_product_control plus NAIVE_PRODUCT direct 151.626s
315 / 444 | q=28 chunk cx_product_control plus NAIVE_PRODUCT direct 148.586s
316 / 444 | q=28 chunk cx_product_control plus PRODUCT_FUSED direct 63.679s
317 / 444 | q=28 chunk cx_product_control plus PRODUCT_FUSED direct 69.703s
318 / 444 | q=28 chunk cx_product_control plus NAIVE_PRODUCT direct 154.103s
319 / 444 | q=28 chunk cx_product_control plus PRODUCT_FUSED direct 68.515s
320 / 444 | q=28 chunk cx_product_control plus NAIVE_PRODUCT direct 161.950s
321 / 444 | q=28 chunk cx_product_control plus PRODUCT_FUSED direct 71.937s
322 / 444 | q=28 chunk cx_product_control plus NAIVE_PRODUCT direct 150.048s
323 / 444 | q=28 chunk cx_product_control plus PRODUCT_FUSED direct 89.525s
324 / 444 | q=28 chunk cx_product_control plus NAIVE_PRODUCT direct 159.436s
325 / 444 | q=28 buffered cx_product_control plus PRODUCT_FUSED buffered 67.573s
326 / 444 | q=28 buffered cx_product_control plus NAIVE_PRODUCT buffered 147.575s
327 / 444 | q=28 buffered cx_product_control plus NAIVE_PRODUCT buffered 150.598s
328 / 444 | q=28 buffered cx_product_control plus PRODUCT_FUSED buffered 61.938s
329 / 444 | q=28 buffered cx_product_control plus PRODUCT_FUSED buffered 71.630s
330 / 444 | q=28 buffered cx_product_control plus NAIVE_PRODUCT buffered 150.988s
331 / 444 | q=28 target cx_product_control plus PRODUCT_FUSED direct 94.653s
332 / 444 | q=28 target cx_product_control plus NAIVE_PRODUCT direct 159.562s
333 / 444 | q=28 target cx_product_control plus PRODUCT_FUSED direct 97.360s
334 / 444 | q=28 target cx_product_control plus NAIVE_PRODUCT direct 163.853s
335 / 444 | q=28 target cx_product_control plus NAIVE_PRODUCT direct 159.852s
336 / 444 | q=28 target cx_product_control plus PRODUCT_FUSED direct 114.720s
Cleaned q=28 input and outputs
SKIPPED q=29: required=26038239232 budget=21019162214
SKIPPED q=30: required=51808043008 budget=21019162214
Experiment complete 336 measured runs; 108 skips
