/home/audrey/miniconda3/lib/python3.14/site-packages/conda/cli/main_export.py:295: CondaExportWarning: The exported environment contains 3rd party Python packages.

Your environment contains 29 packages installed via pip. Conda cannot reliably lock these packages for reproducible environments.

Detected packages:
  - antlr4-python3-runtime==4.13.2
  - contourpy==1.3.3
  - cycler==0.12.1
  - dill==0.4.1
  - fonttools==4.65.0
  - iniconfig==2.3.0
  - kiwisolver==1.5.1
  - matplotlib==3.11.2
  - networkx==3.6.1
  - numpy==2.4.6
  - openqasm3==1.0.1
  - pandas==3.0.5
  - pillow==12.3.0
  - pluggy==1.6.0
  - psutil==7.2.2
  - pygments==2.21.0
  - pyparsing==3.3.2
  - pytest==9.1.1
  - python-dateutil==2.9.0.post0
  - pyyaml==6.0.3
  - qiskit==2.5.2
  - qiskit-aer==0.17.2
  - qiskit-qasm3-import==0.6.0
  - rustworkx==0.18.1
  - scipy==1.17.1
  - six==1.17.0
  - stevedore==5.9.1
  - tqdm==4.70.1
  - typing-extensions==4.16.0

Learn more: https://docs.conda.io/projects/conda/en/stable/user-guide/configuration/pip-interoperability.html
  warnings.warn(warning, CondaExportWarning)
qiskit 2.5.2
qiskit_aer 0.17.2
qiskit_qasm3_import 0.6.0
numpy 2.4.6
scipy 1.17.1
pandas 3.0.5
matplotlib 3.11.2
networkx 3.6.1
psutil 7.2.2
tqdm 4.70.1
yaml 6.0.3
pytest 9.1.1
bootstrap checks passed
